---
source: packages/unisynth/src/optimizer/core/src/test.rs
assertion_line: 595
expression: output
---
==INPUT==


import { component$ } from '@khulnasoft.com/unisynth';

export const Issue3561 = component$(() => {
    const props = useStore({
      product: {
        currentVariant: {
          variantImage: 'image',
          variantNumber: 'number',
          setContents: 'contents',
        },
      },
    });
    const {
      currentVariant: { variantImage, variantNumber, setContents } = {},
    } = props.product;

    console.log(variantImage, variantNumber, setContents)

    return <p></p>;
  });

============================= test.jsx ==

import { componentQrl } from "@khulnasoft.com/unisynth";
import { inlinedQrl } from "@khulnasoft.com/unisynth";
export const Issue3561 = /*#__PURE__*/ componentQrl(/*#__PURE__*/ inlinedQrl(()=>{
    const props = useStore({
        product: {
            currentVariant: {
                variantImage: 'image',
                variantNumber: 'number',
                setContents: 'contents'
            }
        }
    });
    const { currentVariant: { variantImage, variantNumber, setContents } = {} } = props.product;
    console.log(variantImage, variantNumber, setContents);
    return <p></p>;
}, "Issue3561_component_hHTw654BZB8"));


Some("{\"version\":3,\"sources\":[\"/user/unisynth/src/test.tsx\"],\"names\":[],\"mappings\":\";;AAGA,OAAO,MAAM,0BAAY,sCAAW;IAChC,MAAM,QAAQ,SAAS;QACrB,SAAS;YACP,gBAAgB;gBACd,cAAc;gBACd,eAAe;gBACf,aAAa;YACf;QACF;IACF;IACA,MAAM,EACJ,gBAAgB,EAAE,YAAY,EAAE,aAAa,EAAE,WAAW,EAAE,GAAG,CAAC,CAAC,EAClE,GAAG,MAAM,OAAO;IAEjB,QAAQ,GAAG,CAAC,cAAc,eAAe;IAEzC,QAAQ,IAAI;AACd,uCAAG\"}")
== DIAGNOSTICS ==

[]
